
16.04.2026 11:09:38 - ------------------------------------------------------------
16.04.2026 11:09:38 - Order #38 ----- Send Payment - Request: {"CustomerName":"","InvoiceValue":1,"DisplayCurrencyIso":"KWD","CustomerEmail":"test@gmail.com","CallBackUrl":"http:\/\/raneem.localhost:8000\/payment\/myfatoorah\/callback","ErrorUrl":"http:\/\/raneem.localhost:8000\/payment\/myfatoorah\/callback","MobileCountryCode":"+965","CustomerMobile":"00000000","Language":"en","CustomerReference":38,"SourceInfo":"Laravel 9.52.21 - MyFatoorah Package 2.2.6","NotificationOption":"Lnk"}
16.04.2026 11:09:39 - Order #38 ----- Send Payment - Response: {"IsSuccess":false,"Message":"The token does not have the required permissions!"}
16.04.2026 11:09:39 - Order #38 ----- Send Payment - Error: The token does not have the required permissions!
16.04.2026 11:09:39 - ------------------------------------------------------------
16.04.2026 11:09:39 - Order #38 ----- Send Payment - Request: {"CustomerName":"","InvoiceValue":1,"DisplayCurrencyIso":"KWD","CustomerEmail":"test@gmail.com","CallBackUrl":"http:\/\/raneem.localhost:8000\/payment\/myfatoorah\/callback","ErrorUrl":"http:\/\/raneem.localhost:8000\/payment\/myfatoorah\/callback","MobileCountryCode":"+965","CustomerMobile":"00000000","Language":"en","CustomerReference":38,"SourceInfo":"Laravel 9.52.21 - MyFatoorah Package 2.2.6","NotificationOption":"Lnk"}
16.04.2026 11:09:39 - Order #38 ----- Send Payment - Response: {"IsSuccess":false,"Message":"The token does not have the required permissions!"}
16.04.2026 11:09:39 - Order #38 ----- Send Payment - Error: The token does not have the required permissions!
16.04.2026 11:20:43 - ------------------------------------------------------------
16.04.2026 11:20:43 - Order #39 ----- Send Payment - Request: {"CustomerName":"test","InvoiceValue":1,"DisplayCurrencyIso":"KWD","CustomerEmail":"test@gmail.com","CallBackUrl":"http:\/\/raneem.localhost:8000\/payment\/myfatoorah\/callback","ErrorUrl":"http:\/\/raneem.localhost:8000\/payment\/myfatoorah\/callback","MobileCountryCode":"+965","CustomerMobile":"00000000","Language":"en","CustomerReference":39,"SourceInfo":"Laravel 9.52.21 - MyFatoorah Package 2.2.6","NotificationOption":"Lnk"}
16.04.2026 11:20:43 - Order #39 ----- Send Payment - Response: {"IsSuccess":false,"Message":"The token does not have the required permissions!"}
16.04.2026 11:20:43 - Order #39 ----- Send Payment - Error: The token does not have the required permissions!
16.04.2026 11:20:43 - ------------------------------------------------------------
16.04.2026 11:20:43 - Order #39 ----- Send Payment - Request: {"CustomerName":"test","InvoiceValue":1,"DisplayCurrencyIso":"KWD","CustomerEmail":"test@gmail.com","CallBackUrl":"http:\/\/raneem.localhost:8000\/payment\/myfatoorah\/callback","ErrorUrl":"http:\/\/raneem.localhost:8000\/payment\/myfatoorah\/callback","MobileCountryCode":"+965","CustomerMobile":"00000000","Language":"en","CustomerReference":39,"SourceInfo":"Laravel 9.52.21 - MyFatoorah Package 2.2.6","NotificationOption":"Lnk"}
16.04.2026 11:20:44 - Order #39 ----- Send Payment - Response: {"IsSuccess":false,"Message":"The token does not have the required permissions!"}
16.04.2026 11:20:44 - Order #39 ----- Send Payment - Error: The token does not have the required permissions!
16.04.2026 11:25:31 - ------------------------------------------------------------
16.04.2026 11:25:31 - Order #40 ----- Send Payment - Request: {"CustomerName":"test","InvoiceValue":1,"DisplayCurrencyIso":"KWD","CustomerEmail":"test@gmail.com","CallBackUrl":"http:\/\/raneem.localhost:8000\/payment\/myfatoorah\/callback","ErrorUrl":"http:\/\/raneem.localhost:8000\/payment\/myfatoorah\/callback","MobileCountryCode":"+965","CustomerMobile":"00000000","Language":"en","CustomerReference":40,"SourceInfo":"Laravel 9.52.21 - MyFatoorah Package 2.2.6","NotificationOption":"Lnk"}
16.04.2026 11:25:31 - Order #40 ----- Send Payment - Response: {"IsSuccess":false,"Message":"The token does not have the required permissions!"}
16.04.2026 11:25:31 - Order #40 ----- Send Payment - Error: The token does not have the required permissions!
16.04.2026 11:25:31 - ------------------------------------------------------------
16.04.2026 11:25:31 - Order #40 ----- Send Payment - Request: {"CustomerName":"test","InvoiceValue":1,"DisplayCurrencyIso":"KWD","CustomerEmail":"test@gmail.com","CallBackUrl":"http:\/\/raneem.localhost:8000\/payment\/myfatoorah\/callback","ErrorUrl":"http:\/\/raneem.localhost:8000\/payment\/myfatoorah\/callback","MobileCountryCode":"+965","CustomerMobile":"00000000","Language":"en","CustomerReference":40,"SourceInfo":"Laravel 9.52.21 - MyFatoorah Package 2.2.6","NotificationOption":"Lnk"}
16.04.2026 11:25:32 - Order #40 ----- Send Payment - Response: {"IsSuccess":false,"Message":"The token does not have the required permissions!"}
16.04.2026 11:25:32 - Order #40 ----- Send Payment - Error: The token does not have the required permissions!
16.04.2026 11:27:55 - ------------------------------------------------------------
16.04.2026 11:27:55 - Order #41 ----- Send Payment - Request: {"CustomerName":"test","InvoiceValue":1,"DisplayCurrencyIso":"KWD","CustomerEmail":"test@gmail.com","CallBackUrl":"http:\/\/raneem.localhost:8000\/payment\/myfatoorah\/callback","ErrorUrl":"http:\/\/raneem.localhost:8000\/payment\/myfatoorah\/callback","MobileCountryCode":"+965","CustomerMobile":"00000000","Language":"en","CustomerReference":41,"SourceInfo":"Laravel 9.52.21 - MyFatoorah Package 2.2.6","NotificationOption":"Lnk"}
16.04.2026 11:27:56 - Order #41 ----- Send Payment - Response: {"IsSuccess":true,"Message":"Invoice Created Successfully!","ValidationErrors":null,"Data":{"InvoiceId":6682432,"InvoiceURL":"https://demo.MyFatoorah.com/KWT/ie/050775760668243263-cdf12989","CustomerReference":"41","UserDefinedField":null}}
16.04.2026 11:27:56 - ------------------------------------------------------------
16.04.2026 11:27:56 - Order #41 ----- Send Payment - Request: {"CustomerName":"test","InvoiceValue":1,"DisplayCurrencyIso":"KWD","CustomerEmail":"test@gmail.com","CallBackUrl":"http:\/\/raneem.localhost:8000\/payment\/myfatoorah\/callback","ErrorUrl":"http:\/\/raneem.localhost:8000\/payment\/myfatoorah\/callback","MobileCountryCode":"+965","CustomerMobile":"00000000","Language":"en","CustomerReference":41,"SourceInfo":"Laravel 9.52.21 - MyFatoorah Package 2.2.6","NotificationOption":"Lnk"}
16.04.2026 11:27:56 - Order #41 ----- Send Payment - Response: {"IsSuccess":true,"Message":"Invoice Created Successfully!","ValidationErrors":null,"Data":{"InvoiceId":6682433,"InvoiceURL":"https://demo.MyFatoorah.com/KWT/ie/050775760668243363-6796e2a6","CustomerReference":"41","UserDefinedField":null}}
18.04.2026 04:25:45 - ------------------------------------------------------------
18.04.2026 04:25:45 - Order #42 ----- Send Payment - Request: {"CustomerName":"test","InvoiceValue":1,"DisplayCurrencyIso":"KWD","CustomerEmail":"test@gmail.com","CallBackUrl":"http:\/\/raneem.localhost:8000\/payment\/myfatoorah\/callback","ErrorUrl":"http:\/\/raneem.localhost:8000\/payment\/myfatoorah\/callback","MobileCountryCode":"+965","CustomerMobile":"00000000","Language":"en","CustomerReference":42,"SourceInfo":"Laravel 9.52.21 - MyFatoorah Package 2.2.6","NotificationOption":"Lnk"}
18.04.2026 04:25:46 - Order #42 ----- Send Payment - Response: {"IsSuccess":false,"Message":"The token is not valid or expired!"}
18.04.2026 04:25:46 - Order #42 ----- Send Payment - Error: The token is not valid or expired!
18.04.2026 04:25:46 - ------------------------------------------------------------
18.04.2026 04:25:46 - Order #42 ----- Send Payment - Request: {"CustomerName":"test","InvoiceValue":1,"DisplayCurrencyIso":"KWD","CustomerEmail":"test@gmail.com","CallBackUrl":"http:\/\/raneem.localhost:8000\/payment\/myfatoorah\/callback","ErrorUrl":"http:\/\/raneem.localhost:8000\/payment\/myfatoorah\/callback","MobileCountryCode":"+965","CustomerMobile":"00000000","Language":"en","CustomerReference":42,"SourceInfo":"Laravel 9.52.21 - MyFatoorah Package 2.2.6","NotificationOption":"Lnk"}
18.04.2026 04:25:46 - Order #42 ----- Send Payment - Response: {"IsSuccess":false,"Message":"The token is not valid or expired!"}
18.04.2026 04:25:46 - Order #42 ----- Send Payment - Error: The token is not valid or expired!
18.04.2026 04:29:28 - ------------------------------------------------------------
18.04.2026 04:29:28 - Order #43 ----- Send Payment - Request: {"CustomerName":"test","InvoiceValue":1,"DisplayCurrencyIso":"KWD","CustomerEmail":"test@gmail.com","CallBackUrl":"http:\/\/raneem.localhost:8000\/payment\/myfatoorah\/callback","ErrorUrl":"http:\/\/raneem.localhost:8000\/payment\/myfatoorah\/callback","MobileCountryCode":"+965","CustomerMobile":"00000000","Language":"en","CustomerReference":43,"SourceInfo":"Laravel 9.52.21 - MyFatoorah Package 2.2.6","NotificationOption":"Lnk"}
18.04.2026 04:29:29 - Order #43 ----- Send Payment - Response: {"IsSuccess":false,"Message":"The token is not valid or expired!"}
18.04.2026 04:29:29 - Order #43 ----- Send Payment - Error: The token is not valid or expired!
18.04.2026 04:29:29 - ------------------------------------------------------------
18.04.2026 04:29:29 - Order #43 ----- Send Payment - Request: {"CustomerName":"test","InvoiceValue":1,"DisplayCurrencyIso":"KWD","CustomerEmail":"test@gmail.com","CallBackUrl":"http:\/\/raneem.localhost:8000\/payment\/myfatoorah\/callback","ErrorUrl":"http:\/\/raneem.localhost:8000\/payment\/myfatoorah\/callback","MobileCountryCode":"+965","CustomerMobile":"00000000","Language":"en","CustomerReference":43,"SourceInfo":"Laravel 9.52.21 - MyFatoorah Package 2.2.6","NotificationOption":"Lnk"}
18.04.2026 04:29:29 - Order #43 ----- Send Payment - Response: {"IsSuccess":false,"Message":"The token is not valid or expired!"}
18.04.2026 04:29:29 - Order #43 ----- Send Payment - Error: The token is not valid or expired!